npm verb cli C:\Program Files\nodejs\node.exe C:\Users\supriya.mani\AppData\Roaming\npm\node_modules\npm\bin\npm-cli.js
npm info using npm@10.2.5
npm info using node@v20.10.0
npm verb title npm install
npm verb argv "install" "--legacy-peer-deps" "--loglevel" "verbose"
npm verb logfile logs-max:10 dir:C:\Users\supriya.mani\AppData\Local\npm-cache\_logs\2024-01-02T05_49_48_025Z-
npm verb logfile C:\Users\supriya.mani\AppData\Local\npm-cache\_logs\2024-01-02T05_49_48_025Z-debug-0.log
npm http fetch GET 200 https://registry.npmjs.org/browserstack-cypress-cli 1548ms (cache revalidated)
npm http fetch GET 200 https://registry.npmjs.org/cypress 98ms (cache revalidated)
npm http fetch GET 200 https://registry.npmjs.org/cli-progress 353ms (cache revalidated)
npm http fetch GET 200 https://registry.npmjs.org/semver 470ms (cache revalidated)
npm http fetch GET 200 https://registry.npmjs.org/table 524ms (cache revalidated)
npm http fetch GET 200 https://registry.npmjs.org/async 552ms (cache revalidated)
npm http fetch GET 200 https://registry.npmjs.org/chalk 551ms (cache revalidated)
npm http fetch GET 200 https://registry.npmjs.org/fs-extra 550ms (cache revalidated)
npm http fetch GET 200 https://registry.npmjs.org/glob 544ms (cache revalidated)
npm http fetch GET 200 https://registry.npmjs.org/git-repo-info 560ms (cache revalidated)
npm http fetch GET 200 https://registry.npmjs.org/decompress 543ms (cache revalidated)
npm http fetch GET 200 https://registry.npmjs.org/uuid 549ms (cache revalidated)
npm http fetch GET 200 https://registry.npmjs.org/bluebird 529ms (cache revalidated)
npm http fetch GET 200 https://registry.npmjs.org/dayjs 524ms (cache revalidated)
npm http fetch GET 200 https://registry.npmjs.org/yargs 552ms (cache revalidated)
npm http fetch GET 200 https://registry.npmjs.org/executable 524ms (cache revalidated)
npm http fetch GET 200 https://registry.npmjs.org/mkdirp 585ms (cache revalidated)
npm http fetch GET 200 https://registry.npmjs.org/common-tags 553ms (cache revalidated)
npm http fetch GET 200 https://registry.npmjs.org/arch 564ms (cache revalidated)
npm http fetch GET 200 https://registry.npmjs.org/buffer 564ms (cache revalidated)
npm http fetch GET 200 https://registry.npmjs.org/windows-release 597ms (cache revalidated)
npm http fetch GET 200 https://registry.npmjs.org/is-installed-globally 560ms (cache revalidated)
npm http fetch GET 200 https://registry.npmjs.org/lodash 562ms (cache revalidated)
npm http fetch GET 200 https://registry.npmjs.org/extract-zip 575ms (cache revalidated)
npm http fetch GET 200 https://registry.npmjs.org/getos 574ms (cache revalidated)
npm http fetch GET 200 https://registry.npmjs.org/archiver 640ms (cache revalidated)
npm http fetch GET 200 https://registry.npmjs.org/minimist 575ms (cache revalidated)
npm http fetch GET 200 https://registry.npmjs.org/commander 595ms (cache revalidated)
npm http fetch GET 200 https://registry.npmjs.org/@types%2fnode 617ms (cache revalidated)
npm http fetch GET 200 https://registry.npmjs.org/@types%2fsinonjs__fake-timers 677ms (cache revalidated)
npm http fetch GET 200 https://registry.npmjs.org/gitconfiglocal 705ms (cache revalidated)
npm http fetch GET 200 https://registry.npmjs.org/untildify 656ms (cache revalidated)
npm http fetch GET 200 https://registry.npmjs.org/log-symbols 663ms (cache revalidated)
npm http fetch GET 200 https://registry.npmjs.org/eventemitter2 677ms (cache revalidated)
npm http fetch GET 200 https://registry.npmjs.org/figures 675ms (cache revalidated)
npm http fetch GET 200 https://registry.npmjs.org/listr2 669ms (cache revalidated)
npm http fetch GET 200 https://registry.npmjs.org/is-ci 681ms (cache revalidated)
npm http fetch GET 200 https://registry.npmjs.org/winston 719ms (cache revalidated)
npm http fetch GET 200 https://registry.npmjs.org/chalk 704ms (cache revalidated)
npm http fetch GET 200 https://registry.npmjs.org/lazy-ass 690ms (cache revalidated)
npm http fetch GET 200 https://registry.npmjs.org/ospath 685ms (cache revalidated)
npm http fetch GET 200 https://registry.npmjs.org/fs-extra 696ms (cache revalidated)
npm http fetch GET 200 https://registry.npmjs.org/cli-cursor 710ms (cache revalidated)
npm http fetch GET 200 https://registry.npmjs.org/pretty-bytes 689ms (cache revalidated)
npm http fetch GET 200 https://registry.npmjs.org/supports-color 689ms (cache revalidated)
npm http fetch GET 200 https://registry.npmjs.org/process 695ms (cache revalidated)
npm http fetch GET 200 https://registry.npmjs.org/yauzl 691ms (cache revalidated)
npm http fetch GET 200 https://registry.npmjs.org/blob-util 726ms (cache revalidated)
npm http fetch GET 200 https://registry.npmjs.org/proxy-from-env 698ms (cache revalidated)
npm http fetch GET 200 https://registry.npmjs.org/mocha 757ms (cache revalidated)
npm http fetch GET 200 https://registry.npmjs.org/tmp 703ms (cache revalidated)
npm http fetch GET 200 https://registry.npmjs.org/request 759ms (cache revalidated)
npm http fetch GET 200 https://registry.npmjs.org/@types%2fsizzle 742ms (cache revalidated)
npm http fetch GET 200 https://registry.npmjs.org/cachedir 736ms (cache revalidated)
npm http fetch GET 200 https://registry.npmjs.org/enquirer 726ms (cache revalidated)
npm http fetch GET 200 https://registry.npmjs.org/execa 726ms (cache revalidated)
npm http fetch GET 200 https://registry.npmjs.org/@cypress%2frequest 753ms (cache revalidated)
npm http fetch GET 200 https://registry.npmjs.org/request-progress 715ms (cache revalidated)
npm http fetch GET 200 https://registry.npmjs.org/debug 732ms (cache revalidated)
npm http fetch GET 200 https://registry.npmjs.org/cli-table3 740ms (cache revalidated)
npm http fetch GET 200 https://registry.npmjs.org/update-notifier 769ms (cache revalidated)
npm http fetch GET 200 https://registry.npmjs.org/requestretry 1480ms (cache revalidated)
npm http fetch GET 200 https://registry.npmjs.org/node-ipc 1522ms (cache revalidated)
npm http fetch GET 200 https://registry.npmjs.org/git-last-commit 1548ms (cache revalidated)
npm http fetch GET 200 https://registry.npmjs.org/getmac 1561ms (cache revalidated)
npm http fetch GET 200 https://registry.npmjs.org/browserstack-local 1609ms (cache revalidated)
npm http fetch GET 200 https://registry.npmjs.org/check-more-types 1657ms (cache revalidated)
npm http fetch GET 200 https://registry.npmjs.org/@cypress%2fxvfb 1949ms (cache revalidated)
npm http fetch GET 200 https://registry.npmjs.org/readdir-glob 614ms (cache revalidated)
npm http fetch GET 200 https://registry.npmjs.org/ansi-styles 598ms (cache revalidated)
npm http fetch GET 200 https://registry.npmjs.org/string-width 596ms (cache revalidated)
npm http fetch GET 200 https://registry.npmjs.org/tar-stream 615ms (cache revalidated)
npm http fetch GET 200 https://registry.npmjs.org/https-proxy-agent 610ms (cache revalidated)
npm http fetch GET 200 https://registry.npmjs.org/buffer-crc32 628ms (cache revalidated)
npm http fetch GET 200 https://registry.npmjs.org/archiver-utils 631ms (cache revalidated)
npm http fetch GET 200 https://registry.npmjs.org/decompress-tarbz2 597ms (cache revalidated)
npm http fetch GET 200 https://registry.npmjs.org/agent-base 607ms (cache revalidated)
npm http fetch GET 200 https://registry.npmjs.org/readable-stream 623ms (cache revalidated)
npm http fetch GET 200 https://registry.npmjs.org/temp-fs 960ms (cache revalidated)
npm http fetch GET 200 https://registry.npmjs.org/y18n 837ms (cache revalidated)
npm http fetch GET 200 https://registry.npmjs.org/ps-tree 963ms (cache revalidated)
npm http fetch GET 200 https://registry.npmjs.org/graceful-fs 966ms (cache revalidated)
npm http fetch GET 200 https://registry.npmjs.org/decompress-unzip 968ms (cache revalidated)
npm http fetch GET 200 https://registry.npmjs.org/make-dir 967ms (cache revalidated)
npm http fetch GET 200 https://registry.npmjs.org/ini 958ms (cache revalidated)
npm http fetch GET 200 https://registry.npmjs.org/minimatch 947ms (cache revalidated)
npm http fetch GET 200 https://registry.npmjs.org/pify 969ms (cache revalidated)
npm http fetch GET 200 https://registry.npmjs.org/path-is-absolute 960ms (cache revalidated)
npm http fetch GET 200 https://registry.npmjs.org/is-running 999ms (cache revalidated)
npm http fetch GET 200 https://registry.npmjs.org/universalify 978ms (cache revalidated)
npm http fetch GET 200 https://registry.npmjs.org/jsonfile 978ms (cache revalidated)
npm http fetch GET 200 https://registry.npmjs.org/zip-stream 1007ms (cache revalidated)
npm http fetch GET 200 https://registry.npmjs.org/inherits 965ms (cache revalidated)
npm http fetch GET 200 https://registry.npmjs.org/escape-string-regexp 959ms (cache revalidated)
npm http fetch GET 200 https://registry.npmjs.org/ms 956ms (cache revalidated)
npm http fetch GET 200 https://registry.npmjs.org/graceful-fs 983ms (cache revalidated)
npm http fetch GET 200 https://registry.npmjs.org/fs.realpath 976ms (cache revalidated)
npm http fetch GET 200 https://registry.npmjs.org/minimatch 959ms (cache revalidated)
npm http fetch GET 200 https://registry.npmjs.org/inflight 977ms (cache revalidated)
npm http fetch GET 200 https://registry.npmjs.org/strip-dirs 988ms (cache revalidated)
npm http fetch GET 200 https://registry.npmjs.org/once 970ms (cache revalidated)
npm http fetch GET 200 https://registry.npmjs.org/js-yaml 963ms (cache revalidated)
npm http fetch GET 200 https://registry.npmjs.org/yargs-parser 959ms (cache revalidated)
npm http fetch GET 200 https://registry.npmjs.org/serialize-javascript 976ms (cache revalidated)
npm http fetch GET 200 https://registry.npmjs.org/aws-sign2 969ms (cache revalidated)
npm http fetch GET 200 https://registry.npmjs.org/strip-json-comments 976ms (cache revalidated)
npm http fetch GET 200 https://registry.npmjs.org/decompress-targz 1012ms (cache revalidated)
npm http fetch GET 200 https://registry.npmjs.org/nanoid 978ms (cache revalidated)
npm http fetch GET 200 https://registry.npmjs.org/browser-stdout 987ms (cache revalidated)
npm http fetch GET 200 https://registry.npmjs.org/qs 955ms (cache revalidated)
npm http fetch GET 200 https://registry.npmjs.org/diff 987ms (cache revalidated)
npm http fetch GET 200 https://registry.npmjs.org/pupa 945ms (cache revalidated)
npm http fetch GET 200 https://registry.npmjs.org/find-up 987ms (cache revalidated)
npm http fetch GET 200 https://registry.npmjs.org/js-message 983ms (cache revalidated)
npm http fetch GET 200 https://registry.npmjs.org/forever-agent 978ms (cache revalidated)
npm http fetch GET 200 https://registry.npmjs.org/combined-stream 980ms (cache revalidated)
npm http fetch GET 200 https://registry.npmjs.org/chokidar 996ms (cache revalidated)
npm http fetch GET 200 https://registry.npmjs.org/aws4 983ms (cache revalidated)
npm http fetch GET 200 https://registry.npmjs.org/isstream 981ms (cache revalidated)
npm http fetch GET 200 https://registry.npmjs.org/slice-ansi 966ms (cache revalidated)
npm http fetch GET 200 https://registry.npmjs.org/colors 951ms (cache revalidated)
npm http fetch GET 200 https://registry.npmjs.org/import-lazy 963ms (cache revalidated)
npm http fetch GET 200 https://registry.npmjs.org/caseless 988ms (cache revalidated)
npm http fetch GET 200 https://registry.npmjs.org/tough-cookie 972ms (cache revalidated)
npm http fetch GET 200 https://registry.npmjs.org/yargs-unparser 995ms (cache revalidated)
npm http fetch GET 200 https://registry.npmjs.org/mime-types 978ms (cache revalidated)
npm http fetch GET 200 https://registry.npmjs.org/safe-buffer 976ms (cache revalidated)
npm http fetch GET 200 https://registry.npmjs.org/workerpool 999ms (cache revalidated)
npm http fetch GET 200 https://registry.npmjs.org/oauth-sign 979ms (cache revalidated)
npm http fetch GET 200 https://registry.npmjs.org/is-yarn-global 966ms (cache revalidated)
npm http fetch GET 200 https://registry.npmjs.org/semver-diff 969ms (cache revalidated)
npm http fetch GET 200 https://registry.npmjs.org/performance-now 985ms (cache revalidated)
npm http fetch GET 200 https://registry.npmjs.org/extend 999ms (cache revalidated)
npm http fetch GET 200 https://registry.npmjs.org/http-signature 997ms (cache revalidated)
npm http fetch GET 200 https://registry.npmjs.org/decamelize 944ms (cache revalidated)
npm http fetch GET 200 https://registry.npmjs.org/boxen 979ms (cache revalidated)
npm http fetch GET 200 https://registry.npmjs.org/get-caller-file 942ms (cache revalidated)
npm http fetch GET 200 https://registry.npmjs.org/he 1016ms (cache revalidated)
npm http fetch GET 200 https://registry.npmjs.org/is-typedarray 1011ms (cache revalidated)
npm http fetch GET 200 https://registry.npmjs.org/cliui 960ms (cache revalidated)
npm http fetch GET 200 https://registry.npmjs.org/require-directory 954ms (cache revalidated)
npm http fetch GET 200 https://registry.npmjs.org/form-data 1015ms (cache revalidated)
npm http fetch GET 200 https://registry.npmjs.org/set-blocking 954ms (cache revalidated)
npm http fetch GET 200 https://registry.npmjs.org/extend 1001ms (cache revalidated)
npm http fetch GET 200 https://registry.npmjs.org/js-queue 1023ms (cache revalidated)
npm http fetch GET 200 https://registry.npmjs.org/event-pubsub 1025ms (cache revalidated)
npm http fetch GET 200 https://registry.npmjs.org/configstore 997ms (cache revalidated)
npm http fetch GET 200 https://registry.npmjs.org/has-yarn 998ms (cache revalidated)
npm http fetch GET 200 https://registry.npmjs.org/json-stringify-safe 1010ms (cache revalidated)
npm http fetch GET 200 https://registry.npmjs.org/require-main-filename 959ms (cache revalidated)
npm http fetch GET 200 https://registry.npmjs.org/ajv 1004ms (cache revalidated)
npm http fetch GET 200 https://registry.npmjs.org/stack-trace 979ms (cache revalidated)
npm http fetch GET 200 https://registry.npmjs.org/tunnel-agent 1012ms (cache revalidated)
npm http fetch GET 200 https://registry.npmjs.org/find-up 972ms (cache revalidated)
npm http fetch GET 200 https://registry.npmjs.org/latest-version 1003ms (cache revalidated)
npm http fetch GET 200 https://registry.npmjs.org/ansi-colors 1048ms (cache revalidated)
npm http fetch GET 200 https://registry.npmjs.org/is-npm 1006ms (cache revalidated)
npm http fetch GET 200 https://registry.npmjs.org/eyes 993ms (cache revalidated)
npm http fetch GET 200 https://registry.npmjs.org/isstream 992ms (cache revalidated)
npm http fetch GET 200 https://registry.npmjs.org/string-width 1012ms (cache revalidated)
npm http fetch GET 200 https://registry.npmjs.org/xdg-basedir 1004ms (cache revalidated)
npm http fetch GET 200 https://registry.npmjs.org/har-validator 1031ms (cache revalidated)
npm http fetch GET 200 https://registry.npmjs.org/which-module 969ms (cache revalidated)
npm http fetch GET 200 https://registry.npmjs.org/yargs-parser 970ms (cache revalidated)
npm http fetch GET 200 https://registry.npmjs.org/cycle 1005ms (cache revalidated)
npm http fetch GET 200 https://registry.npmjs.org/decompress-tar 1129ms (cache revalidated)
npm http fetch GET 200 https://registry.npmjs.org/lazystream 95ms (cache revalidated)
npm http fetch GET 200 https://registry.npmjs.org/lodash.defaults 116ms (cache revalidated)
npm http fetch GET 200 https://registry.npmjs.org/fs-constants 95ms (cache revalidated)
npm http fetch GET 200 https://registry.npmjs.org/util-deprecate 103ms (cache revalidated)
npm http fetch GET 200 https://registry.npmjs.org/lodash.flatten 127ms (cache revalidated)
npm http fetch GET 200 https://registry.npmjs.org/lodash.isplainobject 127ms (cache revalidated)
npm http fetch GET 200 https://registry.npmjs.org/normalize-path 129ms (cache revalidated)
npm http fetch GET 200 https://registry.npmjs.org/compress-commons 114ms (cache revalidated)
npm http fetch GET 200 https://registry.npmjs.org/end-of-stream 120ms (cache revalidated)
npm http fetch GET 200 https://registry.npmjs.org/string_decoder 131ms (cache revalidated)
npm http fetch GET 200 https://registry.npmjs.org/lodash.difference 145ms (cache revalidated)
npm http fetch GET 200 https://registry.npmjs.org/bl 147ms (cache revalidated)
npm http fetch GET 200 https://registry.npmjs.org/lodash.union 1242ms (cache revalidated)
npm http fetch GET 200 https://registry.npmjs.org/process-nextick-args 90ms (cache revalidated)
npm http fetch GET 200 https://registry.npmjs.org/core-util-is 102ms (cache revalidated)
npm http fetch GET 200 https://registry.npmjs.org/isarray 106ms (cache revalidated)
npm http fetch GET 200 https://registry.npmjs.org/rimraf 76ms (cache revalidated)
npm http fetch GET 200 https://registry.npmjs.org/event-stream 97ms (cache revalidated)
npm http fetch GET 200 https://registry.npmjs.org/color-convert 79ms (cache revalidated)
npm http fetch GET 200 https://registry.npmjs.org/has-flag 86ms (cache revalidated)
npm http fetch GET 200 https://registry.npmjs.org/color-name 105ms (cache revalidated)
npm http fetch GET 200 https://registry.npmjs.org/emoji-regex 95ms (cache revalidated)
npm http fetch GET 200 https://registry.npmjs.org/strip-ansi 97ms (cache revalidated)
npm http fetch GET 200 https://registry.npmjs.org/is-fullwidth-code-point 108ms (cache revalidated)
npm http fetch GET 200 https://registry.npmjs.org/cross-spawn 140ms (cache revalidated)
npm http fetch GET 200 https://registry.npmjs.org/get-stream 145ms (cache revalidated)
npm http fetch GET 200 https://registry.npmjs.org/ieee754 166ms (cache revalidated)
npm http fetch GET 200 https://registry.npmjs.org/human-signals 141ms (cache revalidated)
npm http fetch GET 200 https://registry.npmjs.org/restore-cursor 166ms (cache revalidated)
npm http fetch GET 200 https://registry.npmjs.org/undici-types 185ms (cache revalidated)
npm http fetch GET 200 https://registry.npmjs.org/lodash.once 190ms (cache revalidated)
npm http fetch GET 200 https://registry.npmjs.org/is-stream 157ms (cache revalidated)
npm http fetch GET 200 https://registry.npmjs.org/get-stream 291ms (cache revalidated)
npm http fetch GET 200 https://registry.npmjs.org/base64-js 326ms (cache revalidated)
npm http fetch GET 200 https://registry.npmjs.org/onetime 297ms (cache revalidated)
npm http fetch GET 200 https://registry.npmjs.org/merge-stream 299ms (cache revalidated)
npm http fetch GET 200 https://registry.npmjs.org/npm-run-path 299ms (cache revalidated)
npm http fetch GET 200 https://registry.npmjs.org/strip-final-newline 300ms (cache revalidated)
npm http fetch GET 200 https://registry.npmjs.org/is-path-inside 288ms (cache revalidated)
npm http fetch GET 200 https://registry.npmjs.org/global-dirs 291ms (cache revalidated)
npm http fetch GET 200 https://registry.npmjs.org/cli-truncate 289ms (cache revalidated)
npm http fetch GET 200 https://registry.npmjs.org/fd-slicer 272ms (cache revalidated)
npm http fetch GET 200 https://registry.npmjs.org/ci-info 310ms (cache revalidated)
npm http fetch GET 200 https://registry.npmjs.org/log-update 312ms (cache revalidated)
npm http fetch GET 200 https://registry.npmjs.org/at-least-node 334ms (cache revalidated)
npm http fetch GET 200 https://registry.npmjs.org/signal-exit 349ms (cache revalidated)
npm http fetch GET 200 https://registry.npmjs.org/colorette 335ms (cache revalidated)
npm http fetch GET 200 https://registry.npmjs.org/wrap-ansi 340ms (cache revalidated)
npm http fetch GET 200 https://registry.npmjs.org/through 344ms (cache revalidated)
npm http fetch GET 200 https://registry.npmjs.org/@types%2fyauzl 371ms (cache revalidated)
npm http fetch GET 200 https://registry.npmjs.org/p-map 360ms (cache revalidated)
npm http fetch GET 200 https://registry.npmjs.org/lru-cache 350ms (cache revalidated)
npm http fetch GET 200 https://registry.npmjs.org/rxjs 367ms (cache revalidated)
npm http fetch GET 200 https://registry.npmjs.org/rfdc 376ms (cache revalidated)
npm http fetch GET 200 https://registry.npmjs.org/@colors%2fcolors 416ms (cache revalidated)
npm http fetch GET 200 https://registry.npmjs.org/throttleit 368ms (cache revalidated)
npm http fetch GET 200 https://registry.npmjs.org/is-unicode-supported 429ms (cache revalidated)
npm http fetch GET 200 https://registry.npmjs.org/assert-plus 122ms (cache revalidated)
npm http fetch GET 200 https://registry.npmjs.org/delayed-stream 142ms (cache revalidated)
npm http fetch GET 200 https://registry.npmjs.org/punycode 94ms (cache revalidated)
npm http fetch GET 200 https://registry.npmjs.org/sshpk 135ms (cache revalidated)
npm http fetch GET 200 https://registry.npmjs.org/mime-db 126ms (cache revalidated)
npm http fetch GET 200 https://registry.npmjs.org/url-parse 111ms (cache revalidated)
npm http fetch GET 200 https://registry.npmjs.org/psl 117ms (cache revalidated)
npm http fetch GET 200 https://registry.npmjs.org/asynckit 411ms (cache revalidated)
npm http fetch GET 200 https://registry.npmjs.org/side-channel 378ms (cache revalidated)
npm http fetch GET 200 https://registry.npmjs.org/jsprim 410ms (cache revalidated)
npm http fetch GET 200 https://registry.npmjs.org/unbzip2-stream 137ms (cache revalidated)
npm http fetch GET 200 https://registry.npmjs.org/file-type 131ms (cache revalidated)
npm http fetch GET 200 https://registry.npmjs.org/file-type 162ms (cache revalidated)
npm http fetch GET 200 https://registry.npmjs.org/is-natural-number 917ms (cache revalidated)
npm http fetch GET 200 https://registry.npmjs.org/seek-bzip 1237ms (cache revalidated)
npm http fetch GET 200 https://registry.npmjs.org/file-type 1270ms (cache revalidated)
npm http fetch GET 200 https://registry.npmjs.org/xtend 81ms (cache revalidated)
npm http fetch GET 200 https://registry.npmjs.org/buffer-alloc 95ms (cache revalidated)
npm http fetch GET 200 https://registry.npmjs.org/to-buffer 101ms (cache revalidated)
npm http fetch GET 200 https://registry.npmjs.org/object-assign 79ms (cache revalidated)
npm http fetch GET 200 https://registry.npmjs.org/pinkie-promise 90ms (cache revalidated)
npm http fetch GET 200 https://registry.npmjs.org/ansi-regex 102ms (cache revalidated)
npm http fetch GET 200 https://registry.npmjs.org/which 113ms (cache revalidated)
npm http fetch GET 200 https://registry.npmjs.org/path-key 131ms (cache revalidated)
npm http fetch GET 200 https://registry.npmjs.org/mimic-fn 95ms (cache revalidated)
npm http fetch GET 200 https://registry.npmjs.org/pump 118ms (cache revalidated)
npm http fetch GET 200 https://registry.npmjs.org/shebang-command 138ms (cache revalidated)
npm http fetch GET 200 https://registry.npmjs.org/path-key 110ms (cache revalidated)
npm http fetch GET 200 https://registry.npmjs.org/shebang-regex 137ms (cache revalidated)
npm http fetch GET 200 https://registry.npmjs.org/isexe 136ms (cache revalidated)
npm http fetch GET 200 https://registry.npmjs.org/pinkie 77ms (cache revalidated)
npm http fetch GET 200 https://registry.npmjs.org/brace-expansion 72ms (cache revalidated)
npm http fetch GET 200 https://registry.npmjs.org/wrappy 92ms (cache revalidated)
npm http fetch GET 200 https://registry.npmjs.org/asn1 110ms (cache revalidated)
npm http fetch GET 200 https://registry.npmjs.org/extsprintf 122ms (cache revalidated)
npm http fetch GET 200 https://registry.npmjs.org/verror 148ms (cache revalidated)
npm http fetch GET 200 https://registry.npmjs.org/json-schema 154ms (cache revalidated)
npm http fetch GET 200 https://registry.npmjs.org/dashdash 150ms (cache revalidated)
npm http fetch GET 200 https://registry.npmjs.org/bcrypt-pbkdf 146ms (cache revalidated)
npm http fetch GET 200 https://registry.npmjs.org/tweetnacl 151ms (cache revalidated)
npm http fetch GET 200 https://registry.npmjs.org/ecc-jsbn 159ms (cache revalidated)
npm http fetch GET 200 https://registry.npmjs.org/jsbn 389ms (cache revalidated)
npm http fetch GET 200 https://registry.npmjs.org/getpass 394ms (cache revalidated)
npm http fetch GET 200 https://registry.npmjs.org/safer-buffer 395ms (cache revalidated)
npm http fetch GET 200 https://registry.npmjs.org/aggregate-error 88ms (cache revalidated)
npm http fetch GET 200 https://registry.npmjs.org/ansi-escapes 105ms (cache revalidated)
npm http fetch GET 200 https://registry.npmjs.org/tslib 105ms (cache revalidated)
npm http fetch GET 200 https://registry.npmjs.org/astral-regex 96ms (cache revalidated)
npm http fetch GET 200 https://registry.npmjs.org/type-fest 93ms (cache revalidated)
npm http fetch GET 200 https://registry.npmjs.org/balanced-match 80ms (cache revalidated)
npm http fetch GET 200 https://registry.npmjs.org/concat-map 79ms (cache revalidated)
npm http fetch GET 200 https://registry.npmjs.org/glob-parent 264ms (cache revalidated)
npm http fetch GET 200 https://registry.npmjs.org/locate-path 231ms (cache revalidated)
npm http fetch GET 200 https://registry.npmjs.org/is-binary-path 256ms (cache revalidated)
npm http fetch GET 200 https://registry.npmjs.org/braces 280ms (cache revalidated)
npm http fetch GET 200 https://registry.npmjs.org/readdirp 261ms (cache revalidated)
npm http fetch GET 200 https://registry.npmjs.org/randombytes 211ms (cache revalidated)
npm http fetch GET 200 https://registry.npmjs.org/fsevents 261ms (cache revalidated)
npm http fetch GET 200 https://registry.npmjs.org/anymatch 302ms (cache revalidated)
npm http fetch GET 200 https://registry.npmjs.org/argparse 247ms (cache revalidated)
npm http fetch GET 200 https://registry.npmjs.org/is-glob 291ms (cache revalidated)
npm http fetch GET 200 https://registry.npmjs.org/is-plain-obj 204ms (cache revalidated)
npm http fetch GET 200 https://registry.npmjs.org/camelcase 209ms (cache revalidated)
npm http fetch GET 200 https://registry.npmjs.org/flat 209ms (cache revalidated)
npm http fetch GET 200 https://registry.npmjs.org/path-exists 275ms (cache revalidated)
npm http fetch GET 200 https://registry.npmjs.org/escalade 228ms (cache revalidated)
npm http fetch GET 200 https://registry.npmjs.org/fill-range 154ms (cache revalidated)
npm http fetch GET 200 https://registry.npmjs.org/picomatch 140ms (cache revalidated)
npm http fetch GET 200 https://registry.npmjs.org/picomatch 169ms (cache revalidated)
npm http fetch GET 200 https://registry.npmjs.org/is-extglob 157ms (cache revalidated)
npm http fetch GET 200 https://registry.npmjs.org/binary-extensions 180ms (cache revalidated)
npm http fetch GET 200 https://registry.npmjs.org/to-regex-range 360ms (cache revalidated)
npm http fetch GET 200 https://registry.npmjs.org/is-number 79ms (cache revalidated)
npm http fetch GET 200 https://registry.npmjs.org/p-locate 103ms (cache revalidated)
npm http fetch GET 200 https://registry.npmjs.org/p-limit 80ms (cache revalidated)
npm http fetch GET 200 https://registry.npmjs.org/easy-stack 114ms (cache revalidated)
npm http fetch GET 200 https://registry.npmjs.org/yocto-queue 95ms (cache revalidated)
npm http fetch GET 200 https://registry.npmjs.org/clean-stack 83ms (cache revalidated)
npm http fetch GET 200 https://registry.npmjs.org/indent-string 113ms (cache revalidated)
npm http fetch GET 200 https://registry.npmjs.org/duplexer 127ms (cache revalidated)
npm http fetch GET 200 https://registry.npmjs.org/pause-stream 129ms (cache revalidated)
npm http fetch GET 200 https://registry.npmjs.org/split 136ms (cache revalidated)
npm http fetch GET 200 https://registry.npmjs.org/stream-combiner 144ms (cache revalidated)
npm http fetch GET 200 https://registry.npmjs.org/map-stream 160ms (cache revalidated)
npm http fetch GET 200 https://registry.npmjs.org/from 1146ms (cache revalidated)
npm http fetch GET 200 https://registry.npmjs.org/object-inspect 91ms (cache revalidated)
npm http fetch GET 200 https://registry.npmjs.org/get-intrinsic 97ms (cache revalidated)
npm http fetch GET 200 https://registry.npmjs.org/call-bind 124ms (cache revalidated)
npm http fetch GET 200 https://registry.npmjs.org/har-schema 96ms (cache revalidated)
npm http fetch GET 200 https://registry.npmjs.org/uri-js 112ms (cache revalidated)
npm http fetch GET 200 https://registry.npmjs.org/json-schema-traverse 119ms (cache revalidated)
npm http fetch GET 200 https://registry.npmjs.org/fast-json-stable-stringify 141ms (cache revalidated)
npm http fetch GET 200 https://registry.npmjs.org/fast-deep-equal 417ms (cache revalidated)
npm http fetch GET 200 https://registry.npmjs.org/yallist 97ms (cache revalidated)
npm http fetch GET 200 https://registry.npmjs.org/has-proto 89ms (cache revalidated)
npm http fetch GET 200 https://registry.npmjs.org/has-symbols 109ms (cache revalidated)
npm http fetch GET 200 https://registry.npmjs.org/function-bind 126ms (cache revalidated)
npm http fetch GET 200 https://registry.npmjs.org/set-function-length 125ms (cache revalidated)
npm http fetch GET 200 https://registry.npmjs.org/hasown 126ms (cache revalidated)
npm http fetch GET 200 https://registry.npmjs.org/define-data-property 90ms (cache revalidated)
npm http fetch GET 200 https://registry.npmjs.org/gopd 93ms (cache revalidated)
npm http fetch GET 200 https://registry.npmjs.org/has-property-descriptors 96ms (cache revalidated)
npm http fetch GET 200 https://registry.npmjs.org/querystringify 83ms (cache revalidated)
npm http fetch GET 200 https://registry.npmjs.org/requires-port 83ms (cache revalidated)
npm http fetch GET 200 https://registry.npmjs.org/unique-string 94ms (cache revalidated)
npm http fetch GET 200 https://registry.npmjs.org/widest-line 112ms (cache revalidated)
npm http fetch GET 200 https://registry.npmjs.org/ansi-align 130ms (cache revalidated)
npm http fetch GET 200 https://registry.npmjs.org/package-json 105ms (cache revalidated)
npm http fetch GET 200 https://registry.npmjs.org/dot-prop 125ms (cache revalidated)
npm http fetch GET 200 https://registry.npmjs.org/write-file-atomic 127ms (cache revalidated)
npm http fetch GET 200 https://registry.npmjs.org/escape-goat 117ms (cache revalidated)
npm http fetch GET 200 https://registry.npmjs.org/cli-boxes 147ms (cache revalidated)
npm http fetch GET 200 https://registry.npmjs.org/is-obj 108ms (cache revalidated)
npm http fetch GET 200 https://registry.npmjs.org/crypto-random-string 97ms (cache revalidated)
npm http fetch GET 200 https://registry.npmjs.org/imurmurhash 97ms (cache revalidated)
npm http fetch GET 200 https://registry.npmjs.org/typedarray-to-buffer 121ms (cache revalidated)
npm http fetch GET 200 https://registry.npmjs.org/got 88ms (cache revalidated)
npm http fetch GET 200 https://registry.npmjs.org/registry-auth-token 96ms (cache revalidated)
npm http fetch GET 200 https://registry.npmjs.org/registry-url 117ms (cache revalidated)
npm http fetch GET 200 https://registry.npmjs.org/decompress-response 117ms (cache revalidated)
npm http fetch GET 200 https://registry.npmjs.org/cacheable-request 139ms (cache revalidated)
npm http fetch GET 200 https://registry.npmjs.org/rc 124ms (cache revalidated)
npm http fetch GET 200 https://registry.npmjs.org/duplexer3 166ms (cache revalidated)
npm http fetch GET 200 https://registry.npmjs.org/lowercase-keys 168ms (cache revalidated)
npm http fetch GET 200 https://registry.npmjs.org/p-cancelable 164ms (cache revalidated)
npm http fetch GET 200 https://registry.npmjs.org/mimic-response 168ms (cache revalidated)
npm http fetch GET 200 https://registry.npmjs.org/@szmarczak%2fhttp-timer 184ms (cache revalidated)
npm http fetch GET 200 https://registry.npmjs.org/url-parse-lax 167ms (cache revalidated)
npm http fetch GET 200 https://registry.npmjs.org/to-readable-stream 171ms (cache revalidated)
npm http fetch GET 200 https://registry.npmjs.org/@sindresorhus%2fis 195ms (cache revalidated)
npm http fetch GET 200 https://registry.npmjs.org/rc 170ms (cache revalidated)
npm http fetch GET 200 https://registry.npmjs.org/clone-response 99ms (cache revalidated)
npm http fetch GET 200 https://registry.npmjs.org/responselike 94ms (cache revalidated)
npm http fetch GET 200 https://registry.npmjs.org/normalize-url 97ms (cache revalidated)
npm http fetch GET 200 https://registry.npmjs.org/prepend-http 101ms (cache revalidated)
npm http fetch GET 200 https://registry.npmjs.org/defer-to-connect 132ms (cache revalidated)
npm http fetch GET 200 https://registry.npmjs.org/keyv 128ms (cache revalidated)
npm http fetch GET 200 https://registry.npmjs.org/http-cache-semantics 138ms (cache revalidated)
npm http fetch GET 200 https://registry.npmjs.org/json-buffer 100ms (cache revalidated)
npm http fetch GET 200 https://registry.npmjs.org/deep-extend 87ms (cache revalidated)
npm http fetch GET 200 https://registry.npmjs.org/pend 90ms (cache revalidated)
npm http fetch GET 200 https://registry.npmjs.org/crc32-stream 76ms (cache revalidated)
npm http fetch GET 200 https://registry.npmjs.org/crc-32 99ms (cache revalidated)
npm http fetch GET 200 https://registry.npmjs.org/buffer-alloc-unsafe 86ms (cache revalidated)
npm http fetch GET 200 https://registry.npmjs.org/buffer-fill 120ms (cache revalidated)
npm http fetch GET 200 https://registry.npmjs.org/p-try 132ms (cache revalidated)
npm verb reify failed optional dependency E:\New folder (2)\cypress_github_Action\tmpBstackPackages\node_modules\fsevents
npm http fetch POST 200 https://registry.npmjs.org/-/npm/v1/security/advisories/bulk 755ms
npm WARN deprecated har-validator@5.1.5: this library is no longer supported
npm WARN deprecated uuid@3.4.0: Please upgrade  to version 7 or higher.  Older versions may use Math.random() in certain circumstances, which is known to be problematic.  See https://v8.dev/blog/math-random for details.
npm WARN deprecated request@2.88.2: request has been deprecated, see https://github.com/request/request/issues/3142
npm http fetch GET 200 https://registry.npmjs.org/@types/node/-/node-18.19.4.tgz 2050ms (cache miss)
npm info run cypress@13.6.2 postinstall node_modules/cypress node index.js --exec install
npm info run cypress@13.6.2 postinstall { code: 0, signal: null }

added 449 packages, and audited 450 packages in 23s

66 packages are looking for funding
  run `npm fund` for details

7 moderate severity vulnerabilities

To address all issues (including breaking changes), run:
  npm audit fix --force

Run `npm audit` for details.
npm verb exit 0
npm info ok 
